---
source: src/results_grid.rs
expression: grid.render()
---
Col1 | Col2
-------|-------
5 | Value5
6 | Value6
7 | Value7
8 | Value8
9 | Value9
