---
source: src/record_inspector.rs
expression: inspector.view_record()
---
bio: A passionate Rust developer
settings: (JSON Tree)
â–¶ ðŸ“‚ root: {2 object}
    âœ“ notifications: true
    " theme: "dark"

tags: (JSON Tree)
â–¶ ðŸ“‚ root: [3 items]
    " 0: "rust"
    " 1: "developer"
    " 2: "open-source"

user_id: 123
username: testuser
