---
source: src/results_grid.rs
expression: grid.render()
---
Col1 | Col2
-------|-------
10 | Value10
11 | Value11
12 | Value12
13 | Value13
14 | Value14
