---
source: src/results_grid.rs
expression: grid.render()
---
1 | Alice
2 | Bob
