---
source: src/json_viewer.rs
expression: viewer.render()
---
â–¶ ðŸ“‚ root: {4 object}
    âœ“ active: true
    # age: 30
    " name: "Alice"
    âˆ… score: null
