---
source: src/json_viewer.rs
expression: viewer.render()
---
â–¶ ðŸ“‚ root: [3 items]
    ðŸ“‚ 0: {3 object}
      # id: 1
      # price: 999.99
      " product: "Laptop"
    ðŸ“‚ 1: {3 object}
      # id: 2
      # price: 29.99
      " product: "Mouse"
    ðŸ“‚ 2: {3 object}
      # id: 3
      # price: 79.99
      " product: "Keyboard"
