---
source: src/record_inspector.rs
expression: inspector.view_record()
---
id: 1
name: Bob Smith
profile: (JSON Tree)
â–¶ ðŸ“‚ root: {3 object}
    ðŸ“‚ address: {2 object}
      " city: "San Francisco"
      " country: "USA"
    # age: 30
    ðŸ“‚ interests: [2 items]
      " 0: "coding"
      " 1: "music"
