---
source: src/results_grid.rs
expression: grid.render()
---

