---
source: src/record_inspector.rs
expression: inspector.view_record()
---

